===== FPT Pipeline bat dau - 07/30/2026 22:32:01 =====

--- CafeFScraper (FPT) ---
[*] Đang tìm kiếm từ khóa: 'FPT' trên CafeF...
   -> Đang quét trang tìm kiếm 1: https://cafef.vn/tim-kiem/trang-1.chn?keywords=FPT...
[+] Đã thu thập được 15 link bài báo. Bắt đầu tải nội dung chi tiết...

[1/15] Đang cào nội dung: https://cafef.vn/nhom-quy-ngoai-dragon-capital-tro-lai-ghe-co-dong-lon-tai-fpt-retail-188260729112116317.chn
   + Thành công: Nhóm quỹ ngoại Dragon Capital trở lại ghế cổ đông lớn tại FP...
[2/15] Đang cào nội dung: https://cafef.vn/bat-quan-ly-cua-hang-fpt-shop-nguyen-phuc-linh-sn-1993-188260724061501982.chn
   + Thành công: Bắt quản lý cửa hàng FPT Shop Nguyễn Phúc Linh SN 1993...
[3/15] Đang cào nội dung: https://cafef.vn/doanh-thu-fpt-retail-dat-30743-ty-dong-trong-nua-dau-nam-2026-nha-thuoc-long-chau-dan-dat-da-tang-truong-188260729174415306.chn
   + Thành công: Doanh thu FPT Retail đạt 30.743 tỷ đồng trong nửa đầu năm 20...
[4/15] Đang cào nội dung: https://cafef.vn/nhom-quy-ngoai-khong-con-la-co-dong-lon-tai-fpt-retail-188260719073830916.chn
   + Thành công: Nhóm quỹ ngoại không còn là cổ đông lớn tại FPT Retail...
[5/15] Đang cào nội dung: https://cafef.vn/sau-1-nam-2-nha-may-ai-factory-cua-fpt-tai-viet-nam-va-nhat-ban-ra-sao-188260719224558711.chn
   + Thành công: Sau 1 năm, 2 nhà máy AI Factory của FPT tại Việt Nam và Nhật...
[6/15] Đang cào nội dung: https://cafef.vn/nong-khoi-to-1-pho-quan-ly-fpt-shop-188260724154050384.chn
   + Thành công: Nóng: Khởi tố 1 Phó quản lý FPT Shop...
[7/15] Đang cào nội dung: https://cafef.vn/om-loat-co-phieu-quoc-dan-fpt-hpg-mwg-ssi-van-lo-nang-nha-dau-tu-nen-lam-gi-188260719230622921.chn
   + Thành công: Ôm loạt "cổ phiếu quốc dân" FPT, HPG, MWG, SSI... vẫn lỗ nặn...
[8/15] Đang cào nội dung: https://cafef.vn/doanh-thu-fpt-retail-dat-30743-ty-dong-trong-nua-dau-nam-2026-188260729175454766.chn
   + Thành công: Doanh thu FPT Retail đạt 30.743 tỷ đồng trong nửa đầu năm 20...
[9/15] Đang cào nội dung: https://cafef.vn/fpt-va-tap-doan-nhat-ban-mo-trung-tam-cong-nghe-toan-cau-thuc-day-mo-hinh-van-hanh-kinh-doanh-bang-ai-188260730143325905.chn
   + Thành công: FPT và tập đoàn Nhật Bản mở Trung tâm Công nghệ Toàn cầu, th...
[10/15] Đang cào nội dung: https://cafef.vn/fpt-che-doi-thu-ong-lon-an-do-chuyen-doi-cham-con-doanh-nghiep-nho-thieu-nhieu-nang-luc-188260728111441855.chn
   + Thành công: FPT: AI giúp thu hẹp khoảng cách với các "ông lớn" Ấn Độ...
[11/15] Đang cào nội dung: https://cafef.vn/mot-ca-map-chung-khoan-tam-lo-hon-400-ty-dong-vi-fpt-kdh-va-mwg-188260721155516369.chn
   + Thành công: Một “cá mập” chứng khoán tạm lỗ hơn 400 tỷ đồng vì FPT, KDH ...
[12/15] Đang cào nội dung: https://cafef.vn/cap-nhat-bctc-quy-2-2026-sang-ngay-27-7-mot-ngan-hang-bao-lo-trong-quy-188260726235911934.chn
   + Thành công: Cập nhật BCTC quý 2/2026 tối ngày 27/7: VIB, FPT Telecom... ...
[13/15] Đang cào nội dung: https://cafef.vn/sieu-du-an-cong-vien-cong-nghe-2-ty-usd-cua-tap-doan-fpt-tai-lang-hoa-co-dien-bien-moi-188260722151954553.chn
   + Thành công: Siêu dự án công viên công nghệ 2 tỷ USD của Tập đoàn FPT tại...
[14/15] Đang cào nội dung: https://cafef.vn/loat-co-phieu-co-ban-fpt-mwg-ssi-deu-giam-2-chu-so-tu-dau-nam-chuyen-gia-ly-giai-nguyen-nhan-188260726222602846.chn
   + Thành công: Loạt cổ phiếu cơ bản FPT, MWG, SSI đều giảm 2 chữ số từ đầu ...
[15/15] Đang cào nội dung: https://cafef.vn/fpt-boc-hoi-114000-ty-von-hoa-tu-dinh-bang-3-ngan-hang-cong-lai-18826072623565161.chn
   + Thành công: FPT “bốc hơi” 114.000 tỷ vốn hóa từ đỉnh...

[*] Đang sắp xếp lại dữ liệu ưu tiên bài viết mới nhất...
[+] Hoàn tất! Thu thập thành công 15 bài báo chất lượng.
[v] Đã xuất file chuẩn JSON: CafeF_Article_FPT.json
[v] Đã xuất file bảng biểu CSV: CafeF_Article_FPT.csv

--- vneconomy_scraper (FPT) ---
[*] Đang tìm kiếm từ khóa: 'FPT' trên VnEconomy...
   -> Đang quét trang tìm kiếm 1: https://vneconomy.vn/tim-kiem.html?Text=FPT&SortBy=newest&page=1...
   -> Đang quét trang tìm kiếm 2: https://vneconomy.vn/tim-kiem.html?Text=FPT&SortBy=newest&page=2...
[+] Đã thu thập được 15 link bài báo. Bắt đầu tải nội dung chi tiết...

[1/15] Đang cào nội dung: https://vneconomy.vn/fpt-va-sgs-dong-kien-tao-he-sinh-thai-cong-nghe-giup-doanh-nghiep-nhanh-chong-dap-ung-lo-trinh-net-zero.htm
   + Thành công: FPT và SGS đồng kiến tạo hệ sinh thái công nghệ giúp doanh n...
[2/15] Đang cào nội dung: https://vneconomy.vn/fpt-duoc-cac-quy-etf-mua-vao-72-trieu-co.htm
   + Thành công: FPT được các quỹ ETF mua vào 7,2 triệu cổ...
[3/15] Đang cào nội dung: https://vneconomy.vn/fpt-dieu-chinh-phuong-phap-hop-nhat-bao-cao-tai-chinh-fpt-telecom.htm
   + Thành công: FPT điều chỉnh phương pháp hợp nhất báo cáo tài chính FPT Te...
[4/15] Đang cào nội dung: https://vneconomy.vn/fpts-vay-2500-ty-tai-hdbank-de-dau-tu-trai-phieu-chinh-phu.htm
   + Thành công: FPTS vay 2.500 tỷ tại HDBank để đầu tư trái phiếu Chính phủ...
[5/15] Đang cào nội dung: https://vneconomy.vn/techconnect/fpt-digital-bo-nhiem-chu-tich-va-tong-giam-doc-moi.htm
   + Thành công: FPT Digital bổ nhiệm Chủ tịch và Tổng Giám đốc mới...
[6/15] Đang cào nội dung: https://vneconomy.vn/fpt-dung-trong-top-8-doanh-nghiep-quan-tri-cong-ty-tot-nhat.htm
   + Thành công: FPT đứng trong Top 8 Doanh nghiệp quản trị công ty tốt nhất...
[7/15] Đang cào nội dung: https://vneconomy.vn/fpt-va-vietnam-airlines-ket-noi-nhan-vien-xay-dung-hanh-phuc.htm
   + Thành công: FPT và Vietnam Airlines: Kết nối nhân viên, xây dựng hạnh ph...
[8/15] Đang cào nội dung: https://vneconomy.vn/fpt-viettel-vng-tham-gia-lien-minh-phat-trien-6g-toan-cau.htm
   + Thành công: FPT, Viettel, VNG tham gia liên minh phát triển 6G toàn cầu...
[9/15] Đang cào nội dung: https://vneconomy.vn/fpt-thu-hon-108-ty-tu-phat-hanh-hon-11-trieu-co-phieu-esop.htm
   + Thành công: FPT thu hơn 108 tỷ từ phát hành hơn 11 triệu cổ phiếu ESOP...
[10/15] Đang cào nội dung: https://vneconomy.vn/fpt-cung-doanh-nghiep-lam-chu-lo-trinh-trien-khai-hop-dong-lao-dong-dien-tu.htm
   + Thành công: FPT cùng doanh nghiệp làm chủ lộ trình triển khai hợp đồng l...
[11/15] Đang cào nội dung: https://vneconomy.vn/fpt-duoc-cap-bang-sang-che-tai-my-cho-cong-nghe-phat-hien-am-thanh-bat-thuong.htm
   + Thành công: FPT được cấp bằng sáng chế tại Mỹ cho công nghệ phát hiện âm...
[12/15] Đang cào nội dung: https://vneconomy.vn/fpt-khoi-cong-dong-tho-hai-cong-trinh-trong-diem-chao-mung-dai-hoi-xiv-cua-dang.htm
   + Thành công: FPT khởi công, động thổ hai công trình trọng điểm chào mừng ...
[13/15] Đang cào nội dung: https://en.vneconomy.vn/fpt-starts-construction-of-247mln-education-complex-in-hai-phong.htm
   - Bỏ qua: Không trích xuất được text hợp lệ.
[14/15] Đang cào nội dung: https://vneconomy.vn/fpts-bo-nhiem-chu-tich-hoi-dong-quan-tri-va-tong-giam-doc.htm
   + Thành công: FPTS bổ nhiệm Chủ tịch Hội đồng quản trị và Tổng giám đốc...
[15/15] Đang cào nội dung: https://vneconomy.vn/fpt-bao-lai-2804-ty-dong-quy-12026-thang-thau-8-du-an-lon.htm
   + Thành công: FPT báo lãi 2.804 tỷ đồng quý 1/2026, thắng thầu 8 dự án lớn...

[*] Đang sắp xếp lại dữ liệu ưu tiên bài viết mới nhất...
[+] Hoàn tất! Thu thập thành công 14 bài báo chất lượng.
[v] Đã xuất file chuẩn JSON: VnEconomy_Article_FPT.json
[v] Đã xuất file bảng biểu CSV: VnEconomy_Article_FPT.csv

--- cafef_bctc_scraper (FPT) ---
[*] Đang tìm kiếm BCTC cho từ khóa: 'FPT' (Query: 'Báo cáo tài chính FPT')...
   -> Đang quét trang 1...
   -> Đang quét trang 2...
[+] Đã lọc được 1 bài viết/công bố về BCTC của 'FPT'.

[1/1] Đang cào BCTC từ: https://cafef.vn/lan-dau-cong-bo-bao-cao-tai-chinh-fpt-shop-dang-o-dau-so-voi-the-gioi-di-dong-20170830134504725.chn
   + [Thành công] Báo cáo định kỳ | Tìm thấy 1 file đính kèm

[*] Đang sắp xếp ưu tiên Báo Cáo Tài Chính mới nhất...
[+] Hoàn tất! Thu thập thành công 1 bản báo cáo tài chính của FPT.
[v] Đã lưu dữ liệu BCTC vào file JSON: Data_BCTC_FPT.json
[v] Đã lưu bảng tổng hợp vào file CSV: Data_BCTC_FPT.csv

--- finmind_file_organizer --once ---
   [+] Đã sắp xếp: CafeF_Article_FPT.csv
       -> Lọc vào: FinMind_Data_Lake/FPT/3_Tin_Tuc_Va_Su_Kien/

   [+] Đã sắp xếp: CafeF_Article_FPT.json
       -> Lọc vào: FinMind_Data_Lake/FPT/3_Tin_Tuc_Va_Su_Kien/

   [+] Đã sắp xếp: Data_BCTC_FPT.csv
       -> Lọc vào: FinMind_Data_Lake/FPT/2_Bao_Cao_Tai_Chinh/

   [+] Đã sắp xếp: Data_BCTC_FPT.json
       -> Lọc vào: FinMind_Data_Lake/FPT/2_Bao_Cao_Tai_Chinh/

   [+] Đã sắp xếp: FinMind_News_Mix.csv
       -> Lọc vào: FinMind_Data_Lake/MIX/3_Tin_Tuc_Va_Su_Kien/

   [+] Đã sắp xếp: FinMind_News_Mix.json
       -> Lọc vào: FinMind_Data_Lake/MIX/3_Tin_Tuc_Va_Su_Kien/

   [+] Đã sắp xếp: VnEconomy_Article_FPT.csv
       -> Lọc vào: FinMind_Data_Lake/FPT/3_Tin_Tuc_Va_Su_Kien/

   [+] Đã sắp xếp: VnEconomy_Article_FPT.json
       -> Lọc vào: FinMind_Data_Lake/FPT/3_Tin_Tuc_Va_Su_Kien/

[*] Đã sắp xếp 8 file (chế độ chạy 1 lần).

--- upload_to_gsheet ---
[*] Đang xác thực với Google Sheets API...
[+] Đã kết nối tới Google Sheet: Bảng tính không có tiêu đề

[=] Tab 'FPT_2_Bao_Cao_Tai_Chinh_Data_BCTC_FPT_2026-07-30' đã có đủ, không có dòng mới nào.
[=] Tab 'FPT_3_Tin_Tuc_Va_Su_Kien_CafeF_Article_FPT_2026-07-30' đã có đủ, không có dòng mới nào.
[v] Tạo tab mới 'FPT_3_Tin_Tuc_Va_Su_Kien_VnEconomy_Article_FPT_2026-07-30': 14 dòng x 8 cột (nguồn: FinMind_Data_Lake\FPT\3_Tin_Tuc_Va_Su_Kien\VnEconomy_Article_FPT.csv)
[=] Tab 'GENERAL_MARKET_4_Du_Lieu_Khac_FinMind_Data_FPT_2026-07-30' đã có đủ, không có dòng mới nào.
[=] Tab 'GENERAL_MARKET_5_Vi_Mo_Hang_Hoa_FinMind_MacroCommodity_2026-07-30' đã có đủ, không có dòng mới nào.
[=] Tab 'GENERAL_MARKET_6_QA_Chuyen_Gia_FinMind_QA_StackExchange_2026-07-30' đã có đủ, không có dòng mới nào.
[=] Tab 'GENERAL_MARKET_6_QA_Chuyen_Gia_FinMind_VAS_AccountingStandards_2026-07-30' đã có đủ, không có dòng mới nào.
[v] Tạo tab mới 'MIX_3_Tin_Tuc_Va_Su_Kien_FinMind_News_Mix_2026-07-30': 200 dòng x 9 cột (nguồn: FinMind_Data_Lake\MIX\3_Tin_Tuc_Va_Su_Kien\FinMind_News_Mix.csv)

[*] Không có tab nào quá hạn cần xóa.

[+] Hoàn tất! Đã đồng bộ 8 file CSV lên Google Sheets (tab ngày 2026-07-30, giữ lại 7 ngày gần nhất).
    Link: https://docs.google.com/spreadsheets/d/1fLkYaPjLqfwrfWzDfrtyX_GqZJofCTsXxuw3O-EbrcY

===== Hoan tat - 07/30/2026 22:33:50 =====
