2026-07-29 21:06:31,270 | INFO | ticker=FPT | source=cafef | accepted | score=11.0 | url=https://cafef.vn/doanh-thu-fpt-retail-dat-30743-ty-dong-trong-nua-dau-nam-2026-188260729175454766.chn
2026-07-29 21:06:35,051 | INFO | ticker=FPT | source=cafef | accepted | score=11.0 | url=https://cafef.vn/doanh-thu-fpt-retail-dat-30743-ty-dong-trong-nua-dau-nam-2026-nha-thuoc-long-chau-dan-dat-da-tang-truong-188260729174415306.chn
2026-07-29 21:06:37,013 | INFO | ticker=FPT | source=cafef | accepted | score=13.0 | url=https://cafef.vn/nhom-quy-ngoai-dragon-capital-tro-lai-ghe-co-dong-lon-tai-fpt-retail-188260729112116317.chn
2026-07-29 21:06:39,866 | INFO | ticker=FPT | source=cafef | accepted | score=9.0 | url=https://cafef.vn/fpt-che-doi-thu-ong-lon-an-do-chuyen-doi-cham-con-doanh-nghiep-nho-thieu-nhieu-nang-luc-188260728111441855.chn
2026-07-29 21:06:41,829 | INFO | ticker=FPT | source=cafef | accepted | score=8.0 | url=https://cafef.vn/cap-nhat-bctc-quy-2-2026-sang-ngay-27-7-mot-ngan-hang-bao-lo-trong-quy-188260726235911934.chn
2026-07-29 21:24:33,887 | INFO | ticker=HPG | source=cafef | accepted | score=9.0 | url=https://cafef.vn/mot-cong-ty-bat-dong-san-lai-hang-chuc-ty-dong-nho-dau-tu-chung-khoan-thang-lon-voi-vhm-hpg-188260723233417032.chn
2026-07-29 21:24:35,648 | INFO | ticker=HPG | source=cafef | accepted | score=6.0 | url=https://cafef.vn/om-loat-co-phieu-quoc-dan-fpt-hpg-mwg-ssi-van-lo-nang-nha-dau-tu-nen-lam-gi-188260719230622921.chn
2026-07-29 21:24:38,102 | INFO | ticker=HPG | source=cafef | accepted | score=16.0 | url=https://cafef.vn/nguoi-dong-hanh-cung-hoa-phat-hon-30-nam-vua-ban-luong-co-phieu-hpg-tri-gia-150-ty-dong-188260709160156592.chn
2026-07-29 21:24:40,351 | INFO | ticker=HPG | source=cafef | accepted | score=16.0 | url=https://cafef.vn/lanh-dao-hoa-phat-muon-ban-66-trieu-co-phieu-hpg-giua-luc-thi-gia-ve-day-tu-dau-nam-188260605190307033.chn
2026-07-29 21:24:49,952 | INFO | ticker=HPG | source=cafef | accepted | score=11.0 | url=https://cafef.vn/doanh-nghiep-bat-dong-san-dem-nua-tai-san-di-dau-tu-chung-khoan-lai-lon-voi-hpg-vhm-nhung-lo-dam-voi-mot-co-phieu-ngan-hang-188260428145410747.chn
2026-07-29 21:30:36,438 | INFO | ticker=FPT | source=cafef | accepted | score=11.0 | url=https://cafef.vn/sieu-du-an-cong-vien-cong-nghe-2-ty-usd-cua-tap-doan-fpt-tai-lang-hoa-co-dien-bien-moi-188260722151954553.chn
2026-07-29 21:30:41,224 | INFO | ticker=FPT | source=cafef | accepted | score=13.0 | url=https://cafef.vn/dien-bien-moi-tai-sieu-du-an-hon-53000-ty-do-tap-doan-fpt-dau-tu-tai-thanh-pho-giau-nhat-mien-bac-188260701072438322.chn
2026-07-29 21:30:43,429 | INFO | ticker=FPT | source=cafef | accepted | score=9.0 | url=https://cafef.vn/nong-truong-dh-cua-chu-tich-fpt-truong-gia-binh-cong-bo-diem-san-xet-tuyen-he-dai-hoc-chinh-quy-nam-2026-18826070107412482.chn
2026-07-29 21:30:52,083 | INFO | ticker=FPT | source=cafef | accepted | score=12.0 | url=https://cafef.vn/truong-dai-hoc-cua-tap-doan-fpt-dung-dau-viet-nam-va-lot-top-100-the-gioi-o-hang-muc-nay-188260624095114313.chn
2026-07-29 21:30:53,948 | INFO | ticker=FPT | source=cafef | accepted | score=9.0 | url=https://cafef.vn/viet-nam-moi-co-them-1-cong-trinh-truong-lien-cap-rong-hon-8472m-la-noi-tap-doan-fpt-cua-chu-tich-truong-gia-binh-kien-tao-nguon-nhan-luc-mang-dna-cong-nghe-188260612233859555.chn
2026-07-29 21:30:56,952 | INFO | ticker=FPT | source=cafef | accepted | score=8.0 | url=https://cafef.vn/1-giam-doc-cua-tap-doan-fpt-bat-ngo-di-hat-tham-gia-chuong-trinh-anh-trai-vuot-ngan-chong-gai-188260505210851609.chn
2026-07-29 21:30:59,044 | INFO | ticker=FPT | source=cafef | accepted | score=11.0 | url=https://cafef.vn/tap-doan-fpt-don-tin-vui-tai-du-an-650-ty-o-thanh-pho-nho-nhat-viet-nam-sau-1-thang-khoi-cong-188260421055343518.chn
2026-07-29 21:31:03,344 | INFO | ticker=FPT | source=cafef | accepted | score=14.0 | url=https://cafef.vn/tap-doan-fpt-phat-thong-bao-quan-trong-188260323105316158.chn
2026-07-29 21:31:05,955 | INFO | ticker=FPT | source=cafef | duplicate | score=10.0 | url=https://cafef.vn/tap-doan-fpt-chinh-thuc-khoi-cong-du-an-650-ty-tai-thanh-pho-nho-nhat-viet-nam-188260319135047153.chn
2026-07-29 21:31:13,326 | INFO | ticker=FPT | source=cafef | accepted | score=13.0 | url=https://cafef.vn/dong-thai-moi-cua-tap-doan-fpt-sau-khi-fpt-telecom-duoc-chuyen-giao-ve-bo-cong-an-188260319092135248.chn
2026-07-29 21:31:32,979 | INFO | ticker=FPT | source=cafef | accepted | score=11.0 | url=https://cafef.vn/tap-doan-fpt-sap-trien-khai-2-du-an-gan-9000-ty-tai-tinh-co-duong-bo-bien-dai-nhat-viet-nam-188260306072648497.chn
2026-07-29 21:31:37,223 | INFO | ticker=FPT | source=cafef | accepted | score=11.0 | url=https://cafef.vn/tap-doan-fpt-sap-khoi-cong-du-an-650-ty-tai-thanh-pho-nho-nhat-viet-nam-188260303070046003.chn
2026-07-29 21:31:39,046 | INFO | ticker=FPT | source=cafef | accepted | score=11.0 | url=https://cafef.vn/loat-du-an-cua-tap-doan-fpt-nhan-chi-dao-tu-lanh-dao-tinh-rong-thu-2-viet-nam-188260224080348258.chn
2026-07-29 21:31:43,090 | INFO | ticker=FPT | source=cafef | accepted | score=13.0 | url=https://cafef.vn/ceo-fpt-tap-doan-fpt-san-sang-lam-tong-cong-trinh-su-phat-trien-khoa-hoc-cong-nghe-doi-moi-sang-tao-o-quang-ninh-188251124152259223.chn
2026-07-29 21:31:45,280 | INFO | ticker=FPT | source=cafef | accepted | score=11.0 | url=https://cafef.vn/tap-doan-fpt-hop-tac-voi-benh-vien-115-tuoi-chu-tich-truong-gia-binh-khang-dinh-y-hoc-va-cong-nghe-tao-buoc-tien-moi-cho-quoc-gia-18825110511340247.chn
2026-07-29 21:37:28,268 | INFO | ticker=FPT | source=cafef | accepted | score=11.0 | url=https://cafef.vn/chu-tich-hdqt-tap-doan-fpt-truong-gia-binh-y-hoc-va-cong-nghe-hai-luc-luong-cung-tao-nen-buoc-tien-moi-cho-quoc-gia-188251104230809298.chn
2026-07-29 21:37:32,950 | INFO | ticker=FPT | source=cafef | accepted | score=13.0 | url=https://cafef.vn/tap-doan-fpt-mua-10-co-phan-cua-daythree-mo-rong-hoat-dong-tai-khu-vuc-chau-a-thai-binh-duong-1882509190815368.chn
2026-07-29 21:37:36,924 | INFO | ticker=FPT | source=cafef | accepted | score=13.0 | url=https://cafef.vn/tin-vui-tu-tap-doan-fpt-188250812214509759.chn
2026-07-29 21:37:41,813 | INFO | ticker=FPT | source=cafef | accepted | score=12.0 | url=https://cafef.vn/hom-nay-tap-doan-fpt-to-chuc-le-tang-ong-hoang-nam-tien-188250804090422064.chn
2026-07-29 21:37:45,648 | INFO | ticker=FPT | source=cafef | accepted | score=9.0 | url=https://cafef.vn/tap-doan-fpt-khoi-cong-xay-truong-tai-soc-trang-bat-dau-dao-the-he-ky-su-57-188250602102122432.chn
2026-07-29 21:37:48,598 | INFO | ticker=FPT | source=cafef | accepted | score=13.0 | url=https://cafef.vn/sau-cu-bat-tay-voi-ty-phu-jensen-huang-tap-doan-fpt-don-nhan-tin-cuc-vui-tai-nhat-ban-188250205210120549.chn
2026-07-29 21:37:51,334 | INFO | ticker=FPT | source=cafef | accepted | score=9.0 | url=https://cafef.vn/chu-tich-tap-doan-fpt-tu-nay-the-gioi-se-can-viet-nam-vi-chung-ta-co-the-vuon-len-so-mot-o-linh-vuc-ai-ban-dan-nhung-cong-nghe-loi-moi-quoc-gia-deu-can-do-la-tuong-lai-cua-viet-nam-18825011509513383.chn
2026-07-29 21:38:00,105 | INFO | ticker=FPT | source=cafef | accepted | score=13.0 | url=https://cafef.vn/chu-tich-fpt-software-tap-doan-fpt-nhan-giai-thuong-tu-to-chuc-cntt-quoc-te-asocio-188241109111657128.chn
2026-07-29 21:38:02,319 | INFO | ticker=FPT | source=cafef | accepted | score=13.0 | url=https://cafef.vn/tap-doan-fpt-vuot-moc-80000-nhan-su-tai-30-quoc-gia-tren-toan-cau-188240917150146249.chn
2026-07-29 21:38:05,264 | INFO | ticker=FPT | source=cafef | accepted | score=12.0 | url=https://cafef.vn/tap-doan-fpt-muon-xin-dat-tai-mot-tinh-de-xay-dung-he-thong-chua-tung-co-o-viet-nam-188240825083856397.chn
2026-07-29 21:38:07,182 | INFO | ticker=FPT | source=cafef | accepted | score=13.0 | url=https://cafef.vn/tong-giam-doc-fpt-software-duoc-bo-nhiem-lam-pho-tong-giam-doc-tap-doan-fpt-188240313095202321.chn
2026-07-29 21:38:11,371 | INFO | ticker=FPT | source=cafef | accepted | score=11.0 | url=https://cafef.vn/tap-doan-fpt-vua-lam-duoc-viec-chua-tung-co-trong-lich-su-tu-mot-trung-tam-ai-o-quy-nhon-188240229141312626.chn
2026-07-29 21:38:14,360 | INFO | ticker=FPT | source=cafef | accepted | score=11.0 | url=https://cafef.vn/le-ky-ket-hop-tac-giua-tap-doan-ttc-va-tap-doan-fpt-188231028125905651.chn
2026-07-29 21:38:16,557 | INFO | ticker=FPT | source=cafef | accepted | score=13.0 | url=https://cafef.vn/lanh-dao-tap-doan-fpt-va-ecopark-chia-se-tu-duy-lanh-dao-dot-pha-188230927154357174.chn
2026-07-29 21:38:21,296 | INFO | ticker=FPT | source=cafef | accepted | score=9.0 | url=https://cafef.vn/tap-doan-tt-group-hop-tac-chien-luoc-voi-tap-doan-fpt-18823081718444975.chn
2026-07-29 21:38:24,386 | INFO | ticker=FPT | source=cafef | accepted | score=10.0 | url=https://cafef.vn/ong-hoang-nam-tien-tiet-lo-soc-ve-nguy-co-bi-mat-viec-cua-nghe-ke-toan-tap-doan-fpt-co-60000-nguoi-nhung-chi-co-6-ke-toan-188230501145142303.chn
2026-07-29 21:38:28,417 | INFO | ticker=FPT | source=cafef | accepted | score=11.0 | url=https://cafef.vn/canh-bao-mao-danh-tap-doan-fpt-lua-dao-tuyen-dung-188230427144033475.chn
2026-07-29 21:38:32,066 | INFO | ticker=FPT | source=cafef | accepted | score=13.0 | url=https://cafef.vn/nhin-lai-qua-trinh-30-nam-cong-tac-tai-tap-doan-fpt-cua-ong-hoang-nam-tien-188230426091312781.chn
2026-07-29 21:38:40,134 | INFO | ticker=FPT | source=cafef | accepted | score=14.0 | url=https://cafef.vn/sau-khi-can-moc-doanh-so-1-ty-usd-tu-thi-truong-quoc-te-tap-doan-fpt-vuot-quy-mo-60000-nhan-su-20230104100516292.chn
2026-07-29 21:38:42,513 | INFO | ticker=FPT | source=cafef | accepted | score=11.0 | url=https://cafef.vn/tap-doan-fpt-duoc-vinh-danh-noi-lam-viec-tot-nhat-nganh-cntt-lan-3-lien-tiep-20221110154521487.chn
2026-07-29 21:38:46,424 | INFO | ticker=FPT | source=cafef | accepted | score=11.0 | url=https://cafef.vn/chua-tot-nghiep-dai-hoc-co-gai-dan-toc-nung-22-tuoi-chot-luong-nghin-do-tai-tap-doan-fpt-20220904215328936.chn
2026-07-29 21:38:55,137 | INFO | ticker=FPT | source=cafef | accepted | score=13.0 | url=https://cafef.vn/gan-lien-voi-con-so-13-ben-trong-dai-ban-doanh-cua-tap-doan-fpt-co-gi-dac-biet-20220825101034828.chn
2026-07-29 21:38:59,944 | INFO | ticker=FPT | source=cafef | accepted | score=11.0 | url=https://cafef.vn/chu-tich-tap-doan-fpt-truong-gia-binh-nganh-bds-ve-tai-chinh-thi-on-nhung-thu-tuc-vo-van-phuc-tap-chuyen-doi-so-la-cap-thiet-20220609132114442.chn
2026-07-29 21:39:04,757 | INFO | ticker=FPT | source=cafef | accepted | score=13.0 | url=https://cafef.vn/tap-doan-fpt-dat-1239-ty-lai-rong-tang-truong-37-trong-quy-1-2022-20220420145336059.chn
2026-07-29 21:39:08,594 | INFO | ticker=FPT | source=cafef | accepted | score=10.0 | url=https://cafef.vn/nha-sang-lap-truong-gia-binh-se-ganh-vac-trong-trach-chu-tich-tap-doan-fpt-den-nam-71-tuoi-20220413091742224.chn
2026-07-29 21:39:11,129 | INFO | ticker=FPT | source=cafef | accepted | score=7.0 | url=https://cafef.vn/khan-tim-nguoi-tung-den-diem-tiem-vaccine-covid-19-tai-tru-so-tap-doan-fpt-20210904124122037.chn
2026-07-29 21:39:15,035 | INFO | ticker=FPT | source=cafef | accepted | score=6.0 | url=https://cafef.vn/chu-tich-hdqt-tap-doan-fpt-truong-gia-binh-quan-tri-trai-nghiem-khach-hang-la-yeu-to-song-con-cua-doanh-nghiep-2021051717080596.chn
2026-07-29 21:39:37,752 | INFO | ticker=FPT | source=cafef | accepted | score=11.0 | url=https://cafef.vn/tap-doan-fpt-toan-tinh-dieu-gi-khi-muon-cung-tu-van-my-tai-tro-lap-quy-hoach-tinh-khanh-hoa-20210516094004224.chn
2026-07-29 21:39:42,499 | INFO | ticker=FPT | source=cafef | accepted | score=13.0 | url=https://cafef.vn/tap-doan-hung-thinh-ky-ket-hop-tac-chien-luoc-cung-tap-doan-fpt-20201217170750342.chn
2026-07-29 21:39:46,978 | INFO | ticker=FPT | source=cafef | accepted | score=9.0 | url=https://cafef.vn/ncb-ky-ket-thoa-thuan-hop-tac-chien-luoc-voi-tap-doan-fpt-va-tap-doan-gami-20200522170815889.chn
2026-07-29 21:39:51,455 | INFO | ticker=FPT | source=cafef | accepted | score=8.0 | url=https://cafef.vn/vietcombank-ky-ket-thoa-thuan-hop-tac-voi-ubnd-tinh-quang-ninh-va-tap-doan-fpt-cung-cap-dich-vu-thanh-toan-phi-le-phi-dich-vu-cong-2018103110563931.chn
2026-07-29 21:39:55,984 | INFO | ticker=FPT | source=cafef | accepted | score=14.0 | url=https://cafef.vn/gia-tri-cua-the-gioi-di-dong-sap-vuot-gia-tri-cua-ca-tap-doan-fpt-20160707171329926.chn
2026-07-29 21:40:00,426 | INFO | ticker=FPT | source=cafef | accepted | score=13.0 | url=https://cafef.vn/doanh-nghiep/tap-doan-fpt-dat-15211-ty-dong-doanh-thu-6-thang-tang-22-so-voi-cung-ky-2014072414344283716.chn
2026-07-29 21:40:08,468 | INFO | ticker=FPT | source=cafef | accepted | score=13.0 | url=https://cafef.vn/doanh-nghiep/cap-nhat-hoat-dong-cac-tru-cot-cua-tap-doan-fpt-trong-6-thang-dau-nam-2011062412583598.chn
2026-07-29 21:40:13,026 | INFO | ticker=FPT | source=cafef | accepted | score=15.0 | url=https://cafef.vn/doanh-nghiep/tong-giam-doc-tap-doan-fpt-giai-thich-ve-ly-do-rut-von-khoi-evn-telecom-2011040610188738.chn
2026-07-29 21:40:15,719 | INFO | ticker=FPT | source=cafef | accepted | score=14.0 | url=https://cafef.vn/doanh-nghiep/tap-doan-fpt-se-so-huu-tren-50-von-dieu-le-cua-evn-telecom-2010102810437789.chn
2026-07-29 21:40:17,573 | INFO | ticker=FPT | source=cafef | accepted | score=11.0 | url=https://cafef.vn/lanh-dao-ssi-noi-gi-khi-co-phieu-fpt-lao-doc-giua-con-sot-ai-188260603222333379.chn
2026-07-29 21:40:22,221 | INFO | ticker=FPT | source=cafef | accepted | score=14.0 | url=https://cafef.vn/thanh-vien-scic-khong-mua-het-luong-co-phieu-fpt-da-dang-ky-188260522095312617.chn
2026-07-29 21:40:24,640 | INFO | ticker=FPT | source=cafef | accepted | score=13.0 | url=https://cafef.vn/co-phieu-fpt-roi-ve-day-2-nam-vi-sao-gioi-phan-tich-khuyen-nghi-mua-voi-ky-vong-tang-24-188260519234818902.chn
2026-07-29 21:40:34,970 | INFO | ticker=FPT | source=cafef | accepted | score=14.0 | url=https://cafef.vn/co-phieu-fpt-thung-day-von-hoa-boc-hoi-hon-40000-ty-dong-tu-dau-nam-18826050823075753.chn
2026-07-29 21:40:39,252 | INFO | ticker=FPT | source=cafef | rejected | score=4.0 | url=https://cafef.vn/co-phieu-fpt-bat-ngo-bi-tu-doanh-ctck-ban-rong-gan-400-ty-dong-phien-5-5-188260505164949309.chn
2026-07-29 21:40:43,844 | INFO | ticker=FPT | source=cafef | accepted | score=14.0 | url=https://cafef.vn/thanh-vien-scic-chi-mua-vao-125-luong-co-phieu-fpt-da-dang-ky-188260329131652249.chn
2026-07-29 21:40:45,799 | INFO | ticker=FPT | source=cafef | rejected | score=4.0 | url=https://cafef.vn/hai-ca-map-tong-quy-mo-27000-ty-co-the-gom-manh-co-phieu-fpt-nguoc-chieu-ban-bot-ma-nha-ty-phu-pham-nhat-vuong-188260305110951836.chn
2026-07-29 21:40:47,758 | INFO | ticker=FPT | source=cafef | rejected | score=4.0 | url=https://cafef.vn/phien-25-2-khoi-ngoai-xa-dot-bien-gan-2400-ty-dong-co-phieu-fpt-188260225153307018.chn
2026-07-29 21:40:49,940 | INFO | ticker=FPT | source=cafef | accepted | score=13.0 | url=https://cafef.vn/thanh-vien-scic-dang-ky-mua-2-trieu-co-phieu-fpt-188251205205146737.chn
2026-07-29 21:40:52,340 | INFO | ticker=FPT | source=cafef | rejected | score=-7.0 | url=https://cafef.vn/scic-dang-ky-chuyen-nhuong-hon-370-trieu-co-phieu-fpt-telecom-ve-bo-cong-an-18825102909543494.chn
2026-07-29 21:41:02,960 | INFO | ticker=FPT | source=cafef | accepted | score=5.0 | url=https://cafef.vn/co-phieu-fpt-va-mot-ma-ngan-hang-co-the-duoc-loat-ca-map-tong-quy-mo-14000-ty-san-lung-trong-ky-co-cau-quy-4-188251027105115572.chn
2026-07-29 21:41:07,203 | INFO | ticker=FPT | source=cafef | accepted | score=13.0 | url=https://cafef.vn/co-phieu-fpt-cua-ong-truong-gia-binh-tai-sinh-188251021141948351.chn
2026-07-29 21:41:11,050 | INFO | ticker=FPT | source=cafef | accepted | score=13.0 | url=https://cafef.vn/vang-len-gan-160-trieu-dong-luong-nguoi-dan-ong-lo-kep-vi-ban-vang-de-mua-co-phieu-fpt-vcb-vang-thi-tang-gap-doi-con-tai-khoan-chung-khoan-cua-toi-giam-20-188251017164836481.chn
2026-07-29 21:41:20,708 | INFO | ticker=FPT | source=cafef | accepted | score=13.0 | url=https://cafef.vn/9-thang-tu-ngay-ong-truong-gia-binh-noi-thoi-toi-can-khong-kip-co-phieu-fpt-thung-gia-9x-188251015220916536.chn
2026-07-29 21:41:27,519 | INFO | ticker=FPT | source=cafef | accepted | score=13.0 | url=https://cafef.vn/ong-truong-gia-binh-nhan-nhiem-vu-tu-thu-tuong-co-phieu-fpt-lay-lai-moc-100000-dong-tron-trinh-1882508261534441.chn
2026-07-29 21:41:30,950 | INFO | ticker=FPT | source=cafef | rejected | score=-12.0 | url=https://cafef.vn/co-phieu-fpt-telecom-boc-dau-lap-dinh-moi-von-hoa-vuot-moc-2-ty-usd-18825071711555646.chn
2026-07-29 21:41:33,893 | INFO | ticker=FPT | source=cafef | rejected | score=-13.0 | url=https://cafef.vn/nhom-dragon-capital-tiep-tuc-ban-bot-co-phieu-fpt-retail-giam-ty-le-so-huu-xuong-duoi-8-188250616223030889.chn
2026-07-29 21:41:37,856 | INFO | ticker=FPT | source=cafef | accepted | score=14.0 | url=https://cafef.vn/co-phieu-fpt-but-toc-manh-nhat-trong-1-thang-188250616220235428.chn
2026-07-29 21:41:41,676 | INFO | ticker=FPT | source=cafef | rejected | score=-12.0 | url=https://cafef.vn/dragon-capital-ban-bot-co-phieu-fpt-retail-ha-ty-le-so-huu-xuong-duoi-10-188250521002743635.chn
2026-07-29 21:41:46,146 | INFO | ticker=FPT | source=cafef | accepted | score=10.0 | url=https://cafef.vn/gia-vang-len-114-trieu-dong-luong-hoi-han-vi-lo-ban-5-luong-vang-bo-me-gui-de-du-dinh-co-phieu-fpt-188250416150552132.chn
2026-07-29 21:41:50,268 | INFO | ticker=FPT | source=cafef | accepted | score=13.0 | url=https://cafef.vn/co-phieu-fpt-bat-ngo-giam-san-fpt-telecom-nguoc-dong-tang-manh-188250416145047196.chn
2026-07-29 21:41:53,175 | INFO | ticker=FPT | source=cafef | accepted | score=13.0 | url=https://cafef.vn/quy-ngoai-lon-nhat-viet-nam-noi-gi-ve-co-phieu-fpt-188250403161515321.chn
2026-07-29 21:41:56,103 | INFO | ticker=FPT | source=cafef | accepted | score=7.0 | url=https://cafef.vn/co-phieu-fpt-mwg-pnj-mat-phong-do-bo-chi-so-kim-cuong-thua-xa-vn-index-188250330220408206.chn
2026-07-29 21:42:00,786 | INFO | ticker=FPT | source=cafef | accepted | score=13.0 | url=https://cafef.vn/co-phieu-fpt-vua-tai-sinh-cong-ty-chung-khoan-bat-ngo-chi-ra-lo-ngai-18825032410192885.chn
2026-07-29 21:42:03,767 | INFO | ticker=FPT | source=cafef | accepted | score=14.0 | url=https://cafef.vn/khoi-ngoai-ban-rong-co-phieu-fpt-hon-6000-ty-dong-dau-ai-chung-tinh-duoc-mai-188250323231602919.chn
2026-07-29 21:42:08,484 | INFO | ticker=FPT | source=cafef | accepted | score=9.0 | url=https://cafef.vn/tu-dau-nam-mat-hang-nay-dang-giam-manh-hon-ca-co-phieu-fpt-chinh-la-loai-nguyen-lieu-viet-nam-duoc-danh-gia-co-chat-luong-cao-nhat-the-gioi-188250320094637202.chn
2026-07-29 21:42:11,971 | INFO | ticker=FPT | source=cafef | accepted | score=13.0 | url=https://cafef.vn/chuyen-gi-dang-xay-ra-voi-co-phieu-fpt-188250319225325728.chn
2026-07-29 21:42:15,457 | INFO | ticker=FPT | source=cafef | accepted | score=6.0 | url=https://cafef.vn/chung-khoan-ngay-mai-19-3-vi-sao-co-phieu-fpt-lao-doc-188250318210854194.chn
2026-07-29 21:42:20,006 | INFO | ticker=FPT | source=cafef | accepted | score=12.0 | url=https://cafef.vn/lan-dau-tien-co-ndt-ngoai-mua-26600-co-phieu-fpt-nhung-chua-thanh-toan-khien-vietcap-phai-tra-thay-failed-trade-cua-ttck-noi-len-dieu-gi-188241227235521648.chn
2026-07-29 21:42:23,079 | INFO | ticker=FPT | source=cafef | accepted | score=7.0 | url=https://cafef.vn/nhom-co-phieu-fpt-va-viettel-but-pha-manh-me-cung-trend-cong-nghe-toan-cau-188241217114212026.chn
2026-07-29 21:42:30,188 | INFO | ticker=FPT | source=cafef | accepted | score=7.0 | url=https://cafef.vn/vn-index-mat-moc-1250-diem-nguoc-dong-loat-co-phieu-fpt-bvh-lpb-bay-cao-lap-dinh-gia-moi-188241203170149706.chn
2026-07-29 21:42:34,004 | INFO | ticker=FPT | source=cafef | accepted | score=7.0 | url=https://cafef.vn/thi-truong-can-thanh-khoan-co-phieu-fpt-gong-chi-so-vn-index-18824112716071948.chn
2026-07-29 21:42:38,735 | INFO | ticker=FPT | source=cafef | accepted | score=7.0 | url=https://cafef.vn/chung-khoan-tuan-qua-vn-index-co-4-5-phien-tang-diem-co-phieu-fpt-msn-tiep-tuc-bay-cao-188241012212137701.chn
2026-07-29 21:42:42,574 | INFO | ticker=FPT | source=cafef | rejected | score=-13.0 | url=https://cafef.vn/co-phieu-fpt-retail-frt-lap-dinh-gia-moi-188240821161904432.chn
2026-07-29 21:42:45,491 | INFO | ticker=FPT | source=cafef | rejected | score=-12.0 | url=https://cafef.vn/long-chau-lai-to-co-phieu-fpt-retail-lap-dinh-lich-su-moi-von-hoa-cham-nguong-1-ty-usd-188240821122928914.chn
2026-07-29 21:42:48,226 | INFO | ticker=FPT | source=cafef | accepted | score=13.0 | url=https://cafef.vn/co-phieu-fpt-miet-mai-vuot-dinh-tai-san-cua-ong-truong-gia-binh-va-hai-cong-than-tang-gan-8000-ty-tu-dau-nam-188240708163036155.chn
2026-07-29 21:42:58,733 | INFO | ticker=FPT | source=cafef | accepted | score=7.0 | url=https://cafef.vn/chung-khoan-tang-diem-nhung-thanh-khoan-mat-hut-dong-tien-do-bo-vao-co-phieu-fpt-18824070415542333.chn
2026-07-29 21:43:05,720 | INFO | ticker=FPT | source=cafef | rejected | score=4.0 | url=https://cafef.vn/phien-3-7-tu-doanh-ctck-tiep-da-ban-rong-hang-tram-ty-dong-tam-diem-tai-co-phieu-fpt-188240703192651622.chn
2026-07-29 21:43:10,477 | INFO | ticker=FPT | source=cafef | accepted | score=13.0 | url=https://cafef.vn/co-phieu-fpt-retail-vuot-dinh-ong-chu-2-chuoi-fpt-shop-va-long-chau-cham-nguong-ty-usd-von-hoa-188240621113112786.chn
2026-07-29 21:43:12,847 | INFO | ticker=FPT | source=cafef | accepted | score=13.0 | url=https://cafef.vn/truoc-khi-dua-co-dong-len-dinh-27-lan-trong-6-thang-qua-co-phieu-fpt-tung-trai-qua-ngay-13-den-toi-thuoc-do-giau-ngheo-trong-noi-bo-nhan-vien-tro-thanh-ban-kip-va-khong-ban-kip-18824061108054006.chn
2026-07-29 21:43:16,650 | INFO | ticker=FPT | source=cafef | accepted | score=13.0 | url=https://cafef.vn/co-phieu-fpt-lai-vuot-dinh-nhu-mot-thoi-quen-gia-tri-tap-doan-cong-nghe-so-1-viet-nam-vuot-vietinbank-techcombank-vpbank-188240604154013915.chn
2026-07-29 21:43:18,871 | INFO | ticker=FPT | source=cafef | accepted | score=13.0 | url=https://cafef.vn/co-phieu-fpt-lap-dinh-moi-gia-tri-tap-doan-cao-ky-luc-tai-san-cua-dan-lanh-dao-khai-quoc-cong-than-tang-them-hang-nghin-ty-188240425151959431.chn
2026-07-29 21:43:21,204 | INFO | ticker=FPT | source=cafef | accepted | score=14.0 | url=https://cafef.vn/co-phieu-fpt-giao-dich-bung-no-vuot-dinh-lich-su-sau-tin-bat-tay-nvidia-mo-nha-may-ai-188240424103404216.chn
2026-07-29 21:43:26,122 | INFO | ticker=FPT | source=cafef | accepted | score=11.0 | url=https://cafef.vn/ong-truong-gia-binh-co-phieu-fpt-lien-tuc-tang-truong-tu-sau-100-ngay-giai-cuu-nghen-lenh-tren-hose-188240228133708935.chn
2026-07-29 21:43:30,322 | INFO | ticker=FPT | source=cafef | accepted | score=12.0 | url=https://cafef.vn/coteccons-ghi-nhan-hon-600-ty-dong-no-xau-tu-tan-hoang-minh-va-saigon-glory-188240201160416752.chn
2026-07-29 21:43:40,626 | INFO | ticker=FPT | source=cafef | rejected | score=-12.0 | url=https://cafef.vn/bao-lo-trong-quy-4-co-phieu-fpt-retail-frt-van-vuot-dinh-lich-su-dieu-gi-dang-dien-ra-188240129164648266.chn
2026-07-29 21:43:44,788 | INFO | ticker=FPT | source=cafef | rejected | score=-13.0 | url=https://cafef.vn/nhom-dragon-capital-tiep-tuc-gom-co-phieu-fpt-retail-frt-nang-ty-le-so-huu-vuot-11-188231222104357355.chn
2026-07-29 21:43:47,835 | INFO | ticker=FPT | source=cafef | rejected | score=-12.0 | url=https://cafef.vn/co-phieu-fpt-retail-frt-vuot-dinh-lich-su-thi-gia-cham-moc-ba-chu-so-188231109095938059.chn
2026-07-29 21:43:50,441 | INFO | ticker=FPT | source=cafef | rejected | score=-19.0 | url=https://cafef.vn/nhom-dragon-capital-mua-them-490000-co-phieu-fpt-retail-frt-nang-so-huu-len-901-188230929182200591.chn
2026-07-29 21:43:53,399 | INFO | ticker=FPT | source=cafef | accepted | score=7.0 | url=https://cafef.vn/loat-co-phieu-fpt-ree-dp3-slstang-hang-chuc-lan-sau-10-nam-dau-la-cong-thuc-thanh-cong-chung-188230904233310749.chn
2026-07-29 21:43:55,434 | INFO | ticker=FPT | source=cafef | rejected | score=4.0 | url=https://cafef.vn/phien-16-8-tu-doanh-ctck-mua-rong-hon-tram-ty-dong-co-phieu-fpt-18823081617171287.chn
2026-07-29 21:44:00,232 | INFO | ticker=FPT | source=cafef | accepted | score=14.0 | url=https://cafef.vn/hon-182-trieu-co-phieu-fpt-giao-dich-tu-ngay-19-7-20220710122207666.chn
2026-07-29 21:44:04,051 | INFO | ticker=FPT | source=cafef | rejected | score=-13.0 | url=https://cafef.vn/ky-vong-chuoi-long-chau-co-phieu-fpt-retail-frt-tang-kich-tran-tiep-tuc-lap-dinh-lich-su-20220316150519307.chn
2026-07-29 21:44:06,441 | INFO | ticker=FPT | source=cafef | accepted | score=13.0 | url=https://cafef.vn/lien-tuc-luot-song-dragon-capital-da-ban-gan-14-trieu-co-phieu-fpt-va-khong-con-la-co-dong-lon-2021122911202359.chn
2026-07-29 21:44:08,540 | INFO | ticker=FPT | source=cafef | rejected | score=-12.0 | url=https://cafef.vn/dang-sau-da-tang-phi-ma-cua-co-phieu-fpt-retail-nha-thuoc-long-chau-tu-lo-tram-ty-da-dot-ngot-co-lai-20210826180041634.chn
2026-07-29 21:44:13,297 | INFO | ticker=FPT | source=cafef | accepted | score=14.0 | url=https://cafef.vn/co-phieu-fpt-co-the-lap-dinh-moi-20210724131458899.chn
2026-07-29 21:44:17,013 | INFO | ticker=FPT | source=cafef | accepted | score=9.0 | url=https://cafef.vn/dieu-gi-khien-co-phieu-fpt-lien-tuc-pha-dinh-20210304172031885.chn
2026-07-29 21:44:21,432 | INFO | ticker=FPT | source=cafef | accepted | score=13.0 | url=https://cafef.vn/co-phieu-fpt-shop-chay-hang-giao-dich-cao-ky-luc-sau-ngay-mo-ban-iphone-12-20201130162345566.chn
2026-07-29 21:44:25,867 | INFO | ticker=FPT | source=cafef | accepted | score=13.0 | url=https://cafef.vn/quy-ngoai-vua-nhan-trao-tay-gan-12-trieu-co-phieu-fpt-20201013080832693.chn
2026-07-29 21:44:30,625 | INFO | ticker=FPT | source=cafef | accepted | score=13.0 | url=https://cafef.vn/quy-ngoai-vua-trao-tay-23-trieu-co-phieu-fpt-20200710093153096.chn
2026-07-29 21:44:33,320 | INFO | ticker=FPT | source=cafef | rejected | score=-13.0 | url=https://cafef.vn/nhom-quy-dragon-capital-giam-ty-trong-nam-giu-co-phieu-fpt-retail-frt-20200519140939728.chn
2026-07-29 21:44:36,213 | INFO | ticker=FPT | source=cafef | accepted | score=13.0 | url=https://cafef.vn/cong-ty-thanh-vien-scic-dang-ky-mua-1-trieu-co-phieu-fpt-20200401161802111.chn
2026-07-29 21:44:40,198 | INFO | ticker=FPT | source=cafef | accepted | score=13.0 | url=https://cafef.vn/cac-quy-ngoai-lien-tuc-trao-tay-luong-lon-co-phieu-fpt-20191228082431045.chn
2026-07-29 21:44:42,148 | INFO | ticker=FPT | source=cafef | accepted | score=6.0 | url=https://cafef.vn/tundra-tang-nam-giu-tien-mat-giam-ty-trong-co-phieu-fpt-trong-thang-5-20190607115405599.chn
2026-07-29 21:44:46,870 | INFO | ticker=FPT | source=cafef | accepted | score=13.0 | url=https://cafef.vn/khoi-ngoai-mua-15-trieu-co-phieu-fpt-ngay-khi-ho-room-do-phat-hanh-esop-20190507093624187.chn
2026-07-29 21:44:51,845 | INFO | ticker=FPT | source=cafef | accepted | score=13.0 | url=https://cafef.vn/quy-vof-thuoc-vinacapital-vua-chuyen-nhuong-1-trieu-co-phieu-fpt-va-pnj-20190314174342117.chn
2026-07-29 21:44:54,267 | INFO | ticker=FPT | source=cafef | accepted | score=13.0 | url=https://cafef.vn/nhom-vinacapital-vua-ban-ra-gan-4-trieu-co-phieu-fpt-20190217091841593.chn
2026-07-29 21:44:57,366 | INFO | ticker=FPT | source=cafef | accepted | score=13.0 | url=https://cafef.vn/quy-ngoai-vua-trao-tay-4-trieu-co-phieu-fpt-tri-gia-khoang-172-ty-dong-20181123164106559.chn
2026-07-29 21:45:01,803 | INFO | ticker=FPT | source=cafef | rejected | score=8.0 | url=https://cafef.vn/gan-76-trieu-co-phieu-fpt-gia-tri-khoang-335-ty-dong-vua-duoc-trao-tay-20180831224601711.chn
2026-07-29 21:45:05,850 | INFO | ticker=FPT | source=cafef | accepted | score=12.0 | url=https://cafef.vn/khoi-ngoai-chi-tram-ty-mua-co-phieu-fpt-retail-frt-trong-phien-chao-san-20180426101030431.chn
2026-07-29 21:45:09,598 | INFO | ticker=FPT | source=cafef | rejected | score=9.0 | url=https://cafef.vn/nhom-co-dong-dragon-capital-ban-500000-co-phieu-fpt-truoc-ke-hoach-kinh-doanh-sut-giam-nam-2018-2018031222084893.chn
2026-07-29 21:45:13,547 | INFO | ticker=FPT | source=cafef | accepted | score=13.0 | url=https://cafef.vn/so-co-phieu-fpt-tri-gia-khoang-240-ty-dong-vua-duoc-cac-quy-ngoai-trao-tay-20180122183159864.chn
2026-07-29 21:45:18,185 | INFO | ticker=FPT | source=cafef | accepted | score=13.0 | url=https://cafef.vn/cac-quy-ngoai-vua-trao-tay-so-co-phieu-fpt-tri-gia-khoang-270-ty-dong-20170725175008457.chn
2026-07-29 21:45:20,363 | INFO | ticker=FPT | source=cafef | accepted | score=13.0 | url=https://cafef.vn/pho-tong-giam-doc-fpt-da-mua-150000-co-phieu-fpt-20170621111449968.chn
2026-07-29 21:45:25,284 | INFO | ticker=FPT | source=cafef | accepted | score=13.0 | url=https://cafef.vn/co-phieu-hoa-hau-am-tham-di-len-co-phieu-fpt-dang-chung-to-su-chuyen-minh-sau-nhieu-nam-tri-tre-20170617230534687.chn
2026-07-29 21:45:29,651 | INFO | ticker=FPT | source=cafef | accepted | score=13.0 | url=https://cafef.vn/co-phieu-fpt-lien-tuc-lap-dinh-moi-pho-tgd-duong-dung-trieu-van-muon-mua-vao-20170613175116342.chn
2026-07-29 21:45:32,466 | INFO | ticker=FPT | source=cafef | accepted | score=13.0 | url=https://cafef.vn/gia-co-phieu-fpt-dang-len-dau-tu-scic-muon-ban-bot-gan-900000-co-phieu-20170327182339418.chn
2026-07-29 21:45:34,447 | INFO | ticker=FPT | source=cafef | accepted | score=13.0 | url=https://cafef.vn/co-phieu-fpt-lien-tuc-pha-dinh-dau-tu-scic-tinh-ban-chot-lai-20160927214755056.chn
2026-07-29 21:45:38,426 | INFO | ticker=FPT | source=cafef | accepted | score=12.0 | url=https://cafef.vn/red-river-ban-ra-37-trieu-co-phieu-fpt-trong-ngay-co-phieu-nay-dat-dinh-20160912215642615.chn
2026-07-29 21:45:40,448 | INFO | ticker=FPT | source=cafef | accepted | score=13.0 | url=https://cafef.vn/quy-ngoai-trao-tay-hon-14-trieu-co-phieu-fpt-20160712163638237.chn
2026-07-29 21:45:43,155 | INFO | ticker=FPT | source=cafef | accepted | score=13.0 | url=https://cafef.vn/thi-truong-chung-khoan/the-caravel-da-ban-noi-khoi-ngoai-gan-2-5-trieu-co-phieu-fpt-trong-ngay-thu-2-den-toi-2016011911343221.chn
2026-07-29 21:45:46,196 | INFO | ticker=FPT | source=cafef | accepted | score=11.0 | url=https://cafef.vn/doanh-nghiep/bao-minh-bat-ngo-dang-ky-mua-co-phieu-fpt-20151116164424222.chn
2026-07-29 21:45:49,916 | INFO | ticker=FPT | source=cafef | accepted | score=13.0 | url=https://cafef.vn/doanh-nghiep/sau-khi-ban-cong-ty-con-cua-scic-lai-dang-ky-mua-vao-co-phieu-fpt-20150906092239631.chn
2026-07-29 21:45:52,896 | INFO | ticker=FPT | source=cafef | accepted | score=14.0 | url=https://cafef.vn/doanh-nghiep/nhom-co-dong-dragon-capital-chuyen-nhuong-3-trieu-co-phieu-fpt-cho-wasatch-20150716002903378.chn
2026-07-29 21:45:57,597 | INFO | ticker=FPT | source=cafef | accepted | score=12.0 | url=https://cafef.vn/doanh-nghiep/kuroto-fund-mua-1-8-trieu-co-phieu-fpt-tu-4-to-chuc-ngoai-20150513114055764.chn
2026-07-29 21:45:59,869 | INFO | ticker=FPT | source=cafef | accepted | score=11.0 | url=https://cafef.vn/thi-truong-chung-khoan/vf4-thanh-ly-co-phieu-fpt-dem-lai-gan-48-loi-nhuan-cho-quy-20150327073447885.chn
2026-07-29 21:46:03,380 | INFO | ticker=FPT | source=cafef | duplicate | score=6.0 | url=https://cafef.vn/doanh-nghiep/scic-investment-tiep-tuc-dang-ky-mua-1-trieu-co-phieu-fpt-2014112114162414317.chn
2026-07-29 21:46:08,148 | INFO | ticker=FPT | source=cafef | accepted | score=13.0 | url=https://cafef.vn/doanh-nghiep/vietnam-equity-holding-ban-1-trieu-co-phieu-fpt-cho-kuroto-fund-2014111416235037316.chn
2026-07-29 21:46:10,687 | INFO | ticker=FPT | source=cafef | accepted | score=14.0 | url=https://cafef.vn/doanh-nghiep/fpt-gom-them-co-phieu-fpt-telecom-voi-muc-gia-52000-dongcp-2014080416241607317.chn
2026-07-29 21:46:13,269 | INFO | ticker=FPT | source=cafef | rejected | score=7.0 | url=https://cafef.vn/doanh-nghiep/scic-investment-da-mua-luong-co-phieu-fpt-tri-gia-gan-40-ty-dong-2014061817333123716.chn
2026-07-29 21:46:15,531 | INFO | ticker=FPT | source=cafef | rejected | score=4.0 | url=https://cafef.vn/nhan-vat/ong-truong-dinh-anh-thu-ve-hon-50-ty-khi-ban-phan-lon-co-phieu-fpt-1883101515494069319.chn
2026-07-29 21:46:19,879 | INFO | ticker=FPT | source=cafef | duplicate | score=3.0 | url=https://cafef.vn/doanh-nghiep/noi-got-co-dong-lon-nhat-ong-truong-dinh-anh-dang-ky-ban-gan-het-so-co-phieu-fpt-dang-nam-giu-201309111425015536.chn
2026-07-29 21:46:24,541 | INFO | ticker=FPT | source=cafef | duplicate | score=4.0 | url=https://cafef.vn/thi-truong/ong-truong-dinh-anh-bat-ngo-cong-bo-ban-luong-co-phieu-fpt-tri-gia-50-ty-dong-1881309111421026477.chn
2026-07-29 21:46:27,073 | INFO | ticker=FPT | source=cafef | rejected | score=-20.0 | url=https://cafef.vn/doanh-nghiep/fpt-telecom-gom-them-co-phieu-fpt-online-2013090822482246710.chn
2026-07-29 21:46:30,027 | INFO | ticker=FPT | source=cafef | accepted | score=13.0 | url=https://cafef.vn/thi-truong-chung-khoan/orchid-capital-va-nghi-an-thoai-29-trieu-co-phieu-fpt-trong-3-phien-vua-qua-2013090618002616020.chn
2026-07-29 21:46:32,738 | INFO | ticker=FPT | source=cafef | accepted | score=13.0 | url=https://cafef.vn/doanh-nghiep/chart-gia-co-phieu-fpt-duoi-thoi-truong-dinh-anh-20120927121421751.chn
2026-07-29 21:46:36,616 | INFO | ticker=FPT | source=cafef | accepted | score=13.0 | url=https://cafef.vn/doanh-nghiep/scic-chua-tiep-can-de-nghi-hoan-doi-co-phieu-fpt-telecom-20120504020850753.chn
2026-07-29 21:46:38,717 | INFO | ticker=FPT | source=cafef | duplicate | score=3.0 | url=https://cafef.vn/thi-truong-chung-khoan/khoi-ngoai-tap-trung-giao-dich-o-3-co-phieu-fpt-hag-va-vic-20111115023814607.chn
2026-07-29 21:46:41,486 | INFO | ticker=FPT | source=cafef | rejected | score=4.0 | url=https://cafef.vn/thi-truong-chung-khoan/khoi-ngoai-day-manh-giao-dich-o-2-co-phieu-fpt-va-hag-20111107025439380.chn
2026-07-29 21:46:43,632 | INFO | ticker=FPT | source=cafef | duplicate | score=4.0 | url=https://cafef.vn/thi-truong-chung-khoan/khoi-ngoai-mua-rong-dot-bien-101-ty-dong-co-phieu-fpt-20111026024645478.chn
2026-07-29 21:46:46,630 | INFO | ticker=FPT | source=cafef | accepted | score=13.0 | url=https://cafef.vn/thi-truong-chung-khoan/khoi-ngoai-mua-rong-hon-4-trieu-co-phieu-fpt-trong-thang-7-201172915275972.chn
2026-07-29 21:46:48,551 | INFO | ticker=FPT | source=cafef | accepted | score=11.0 | url=https://cafef.vn/doanh-nghiep/deutsche-bank-da-mua-gan-64500-co-phieu-fpt-2008512205536514.chn
2026-07-29 21:46:58,077 | INFO | ticker=FPT | source=cafef | accepted | score=13.0 | url=https://cafef.vn/thi-truong-chung-khoan/lieu-co-van-de-gi-voi-co-phieu-fpt-hay-khong-2007121672014910.chn
2026-07-29 21:47:01,830 | INFO | ticker=FPT | source=cafef | duplicate | score=3.0 | url=https://cafef.vn/doanh-nghiep/deutsche-bank-tang-ty-le-so-huu-co-phieu-fpt-20071210102425460.chn
2026-07-29 21:47:04,262 | INFO | ticker=FPT | source=cafef | rejected | score=-16.0 | url=https://cafef.vn/dong-loat-dinh-gia-fpt-retail-tren-200000-dong-cp-cac-cong-ty-chung-khoan-da-viet-vi-18825040217464225.chn
2026-07-29 21:47:09,100 | INFO | ticker=FPT | source=cafef | accepted | score=10.0 | url=https://cafef.vn/tang-lien-tuc-nhieu-thang-dinh-gia-fpt-len-sat-100000-ty-dong-ngang-ngua-masan-tcb-va-nhinh-hon-sabeco-mb-188230716150348197.chn
2026-07-29 21:47:11,518 | INFO | ticker=FPT | source=cafef | rejected | score=-15.0 | url=https://cafef.vn/kho-khan-kep-cua-fpt-retail-trong-quy-1-iphone-xs-e-hang-cac-chuong-trinh-subsidy-va-ffriends-khong-nhu-ky-vong-20190608165151646.chn
2026-07-29 21:47:13,918 | INFO | ticker=FPT | source=cafef | rejected | score=-23.0 | url=https://cafef.vn/doanh-thu-fpt-retail-dat-30743-ty-dong-trong-nua-dau-nam-2026-188260729175454766.chn
2026-07-29 21:47:17,810 | INFO | ticker=FPT | source=cafef | rejected | score=-23.0 | url=https://cafef.vn/doanh-thu-fpt-retail-dat-30743-ty-dong-trong-nua-dau-nam-2026-nha-thuoc-long-chau-dan-dat-da-tang-truong-188260729174415306.chn
2026-07-29 21:47:20,377 | INFO | ticker=FPT | source=cafef | rejected | score=3.0 | url=https://cafef.vn/chu-tich-truong-gia-binh-uy-tin-thi-truong-chung-khoan-viet-nam-anh-huong-truc-tiep-den-doanh-thu-fpt-188240704090547448.chn
2026-07-29 21:47:23,071 | INFO | ticker=FPT | source=cafef | rejected | score=-15.0 | url=https://cafef.vn/doanh-thu-fpt-retail-co-the-len-toi-174-ty-usd-nam-2024-nho-luc-keo-tu-long-chau-188240321144506546.chn
2026-07-29 21:47:27,255 | INFO | ticker=FPT | source=cafef | rejected | score=-16.0 | url=https://cafef.vn/thi-truong-ict-hoi-phuc-iphone-15-series-ra-mat-doanh-thu-fpt-retail-tang-truong-duong-tro-lai-dat-gan-1-ty-usd-sau-9-thang-188231030192819993.chn
2026-07-29 21:47:31,548 | INFO | ticker=FPT | source=cafef | rejected | score=-16.0 | url=https://cafef.vn/khong-ton-tien-thue-mat-bang-nhung-doanh-thu-online-the-gioi-di-dong-van-cao-gan-bang-tong-doanh-thu-fpt-shop-trong-nam-2018-20190212113224718.chn
2026-07-29 21:47:36,090 | INFO | ticker=FPT | source=cafef | accepted | score=11.0 | url=https://cafef.vn/he-lo-loi-nhuan-fpt-quy-2-188260716135124803.chn
2026-07-29 21:47:38,224 | INFO | ticker=FPT | source=cafef | accepted | score=10.0 | url=https://cafef.vn/khong-con-hop-nhat-fpt-telecom-loi-nhuan-fpt-van-tang-18-188260326215034033.chn
2026-07-29 21:47:41,812 | INFO | ticker=FPT | source=cafef | rejected | score=-2.0 | url=https://cafef.vn/thay-doi-du-kien-se-boc-tran-30-dai-gia-lon-nhat-san-chung-khoan-loi-nhuan-fpt-co-the-tang-them-30-vietnam-airlines-gap-cuu-canh-188260316140102278.chn
2026-07-29 21:47:46,525 | INFO | ticker=FPT | source=cafef | rejected | score=1.0 | url=https://cafef.vn/cap-nhat-bctc-quy-2-2025-toi-ngay-17-7-ncb-bao-lai-6-thang-gap-80-lan-cung-ky-loi-nhuan-fpt-tiep-tuc-tang-20-18825071623443158.chn
2026-07-29 21:47:51,083 | INFO | ticker=FPT | source=cafef | accepted | score=10.0 | url=https://cafef.vn/acbs-loi-nhuan-fpt-co-the-lap-ky-luc-hon-13000-ty-trong-nam-2025-18825022522594804.chn
2026-07-29 21:47:53,891 | INFO | ticker=FPT | source=cafef | rejected | score=-16.0 | url=https://cafef.vn/loi-nhuan-fpt-retail-ve-muc-cao-nhat-2-nam-du-kien-mo-them-50-cua-hang-fpt-shop-dien-may-trong-quy-4-188241104223549477.chn
2026-07-29 21:47:56,749 | INFO | ticker=FPT | source=cafef | accepted | score=5.0 | url=https://cafef.vn/tang-truong-deu-den-kinh-ngac-loi-nhuan-fpt-lien-tuc-lap-ky-luc-day-co-phieu-vuot-dinh-von-hoa-xap-xi-5-ty-usd-188230817232413515.chn
2026-07-29 21:48:01,419 | INFO | ticker=FPT | source=cafef | accepted | score=10.0 | url=https://cafef.vn/ssi-research-kich-ban-kem-kha-quan-nhat-loi-nhuan-fpt-van-dat-muc-tang-truong-hai-chu-so-trong-nam-2023-20221111230617111.chn
2026-07-29 21:48:05,275 | INFO | ticker=FPT | source=cafef | rejected | score=-15.0 | url=https://cafef.vn/chuoi-duoc-long-chau-du-lo-15-ty-trong-nam-2019-keo-lui-loi-nhuan-fpt-retail-20181211185124682.chn
2026-07-29 21:48:10,413 | INFO | ticker=FPT | source=cafef | duplicate | score=-3.0 | url=https://cafef.vn/doanh-nghiep/loi-nhuan-fpt-se-vuot-ke-hoach-2007121415269767.chn
2026-07-29 21:53:42,133 | WARNING | Chưa có cấu hình doanh nghiệp cho CTR; dùng ticker làm alias
2026-07-29 21:54:16,463 | INFO | ticker=CTR | source=cafef | accepted | score=13.0 | url=https://cafef.vn/bo-hon-tram-ty-mua-co-phieu-ctr-chu-tich-digiworld-da-lai-gap-doi-trong-chua-day-1-nam-188240619140739617.chn
2026-07-29 21:54:18,771 | INFO | ticker=CTR | source=cafef | accepted | score=14.0 | url=https://cafef.vn/co-phieu-ctr-lien-tuc-pha-dinh-chu-tich-digiworld-doan-hong-viet-lai-dam-sau-nua-nam-lam-co-dong-lon-viettel-construction-188240311220753617.chn
2026-07-29 21:54:23,151 | INFO | ticker=CTR | source=cafef | accepted | score=13.0 | url=https://cafef.vn/doanh-thu-lap-ky-luc-gia-co-phieu-ctr-tang-40-viettel-construction-tri-an-co-dong-mon-qua-bat-ngo-voucher-giam-10-gia-lap-dat-dieu-hoa-cay-nuoc-20220422155809312.chn
2026-07-29 21:54:25,082 | INFO | ticker=CTR | source=cafef | accepted | score=13.0 | url=https://cafef.vn/co-phieu-ctr-but-pha-sau-khi-cong-bo-ket-qua-san-xuat-kinh-doanh-tang-truong-20220316220250359.chn
2026-07-29 21:54:29,316 | INFO | ticker=CTR | source=cafef | accepted | score=13.0 | url=https://cafef.vn/bo-tieu-chi-4m-va-cau-chuyen-co-phieu-ctr-20211210113536785.chn
2026-07-29 21:54:32,233 | INFO | ticker=CTR | source=cafef | accepted | score=13.0 | url=https://cafef.vn/thi-gia-58000-dong-viettel-ban-dau-gia-442-trieu-co-phieu-ctr-voi-gia-47200-dong-cp-20201207150746107.chn
2026-07-29 21:54:34,643 | INFO | ticker=CTR | source=cafef | accepted | score=13.0 | url=https://cafef.vn/nha-dau-tu-khong-dang-ky-mua-het-luong-co-phieu-ctr-trong-phien-dau-gia-cua-viettel-20201202142457071.chn
2026-07-29 21:54:37,623 | INFO | ticker=CTR | source=cafef | accepted | score=13.0 | url=https://cafef.vn/viettel-ban-dau-gia-775-trieu-co-phieu-ctr-voi-gia-khoi-diem-46600-dong-cp-20201110214452647.chn
2026-07-29 21:54:41,850 | INFO | ticker=CTR | source=cafef | accepted | score=12.0 | url=https://cafef.vn/viettel-se-ban-dau-gia-775-trieu-co-phieu-ctr-voi-muc-gia-nao-20201109205507459.chn
